// Jest Snapshot v1, https://goo.gl/fbAQLP

exports[`last Snapshot 1`] = `
<div
  className="post-page-body"
>
  <div
    className="post-page-author"
  >
    by 
    thingtwo
     
    a year ago
  </div>
  Everyone says so after all.
</div>
`;
