// Jest Snapshot v1, https://goo.gl/fbAQLP

exports[`last Snapshot 1`] = `
<div
  className="modal-short modal-open"
>
  <div
    className="modal-short-dialog wait-process-dialog"
  >
    <h1>
      Please wait while the information is updated.
    </h1>
  </div>
</div>
`;
